<?xml version="1.0" encoding="UTF-8"?>
<TestRun id="32121ef2-6b9a-4fe1-8c0e-700ecba30600" name="Jeff@SULACO 2012-08-12 11:03:23" runUser="Sulaco\Jeff" xmlns="http://microsoft.com/schemas/VisualStudio/TeamTest/2010">
  <TestSettings name="Local" id="7d94643c-3780-40f8-8c47-ac01c13c0b0c">
    <Description>These are default test settings for a local test run.</Description>
    <Deployment enabled="false" runDeploymentRoot="Jeff_SULACO 2012-08-12 11_03_23">
      <DeploymentItem filename="C:\Development\CodeClub\CodeClub.TowersOfHanoi\src\CodeClub.TowersOfHanoi.Core\bin\Debug\CodeClub.TowersOfHanoi.Core.dll" />
    </Deployment>
    <Execution>
      <TestTypeSpecific />
      <AgentRule name="Execution Agents">
      </AgentRule>
    </Execution>
  </TestSettings>
  <Times creation="2012-08-12T11:03:23.4136641-07:00" queuing="2012-08-12T11:03:23.7286821-07:00" start="2012-08-12T11:03:23.7936859-07:00" finish="2012-08-12T11:03:24.2797137-07:00" />
  <ResultSummary outcome="Failed">
    <Counters total="6" executed="6" passed="2" error="0" failed="4" timeout="0" aborted="0" inconclusive="0" passedButRunAborted="0" notRunnable="0" notExecuted="0" disconnected="0" warning="0" completed="0" inProgress="0" pending="0" />
  </ResultSummary>
  <TestDefinitions>
    <UnitTest name="Tower_Can_Get_Disk_From_Top_Of_Stack" storage="c:\development\codeclub\codeclub.towersofhanoi\test\codeclub.towersofhanoi.unittests\bin\debug\codeclub.towersofhanoi.unittests.dll" id="20e92529-e083-d65d-65e9-af10407bfc01">
      <Execution id="2299371d-adb1-4838-bac1-ab0df55623ef" />
      <TestMethod codeBase="C:/Development/CodeClub/CodeClub.TowersOfHanoi/test/CodeClub.TowersOfHanoi.UnitTests/bin/Debug/CodeClub.TowersOfHanoi.UnitTests.DLL" adapterTypeName="Microsoft.VisualStudio.TestTools.TestTypes.Unit.UnitTestAdapter, Microsoft.VisualStudio.QualityTools.Tips.UnitTest.Adapter, Version=10.0.0.0, Culture=neutral, PublicKeyToken=b03f5f7f11d50a3a" className="CodeClub.TowersOfHanoi.UnitTests.TowerTests, CodeClub.TowersOfHanoi.UnitTests, Version=1.0.0.0, Culture=neutral, PublicKeyToken=null" name="Tower_Can_Get_Disk_From_Top_Of_Stack" />
    </UnitTest>
    <UnitTest name="Tower_Get_Top_Disk_On_An_Empty_Stack_Of_Disks_Should_Return_Zero" storage="c:\development\codeclub\codeclub.towersofhanoi\test\codeclub.towersofhanoi.unittests\bin\debug\codeclub.towersofhanoi.unittests.dll" id="3962244e-ea37-85fd-fe31-f8e1b9d1e867">
      <Execution id="e0b17c11-aed8-472d-8042-5af10865a363" />
      <TestMethod codeBase="C:/Development/CodeClub/CodeClub.TowersOfHanoi/test/CodeClub.TowersOfHanoi.UnitTests/bin/Debug/CodeClub.TowersOfHanoi.UnitTests.DLL" adapterTypeName="Microsoft.VisualStudio.TestTools.TestTypes.Unit.UnitTestAdapter, Microsoft.VisualStudio.QualityTools.Tips.UnitTest.Adapter, Version=10.0.0.0, Culture=neutral, PublicKeyToken=b03f5f7f11d50a3a" className="CodeClub.TowersOfHanoi.UnitTests.TowerTests, CodeClub.TowersOfHanoi.UnitTests, Version=1.0.0.0, Culture=neutral, PublicKeyToken=null" name="Tower_Get_Top_Disk_On_An_Empty_Stack_Of_Disks_Should_Return_Zero" />
    </UnitTest>
    <UnitTest name="GameState_Equals_ReferenceEquals_Should_Return_True" storage="c:\development\codeclub\codeclub.towersofhanoi\test\codeclub.towersofhanoi.unittests\bin\debug\codeclub.towersofhanoi.unittests.dll" id="22cc0de3-f2bf-972c-b75e-348f26cd5951">
      <Execution id="6cc51f08-74f6-4dd7-b4d7-ab1e4145054c" />
      <TestMethod codeBase="C:/Development/CodeClub/CodeClub.TowersOfHanoi/test/CodeClub.TowersOfHanoi.UnitTests/bin/Debug/CodeClub.TowersOfHanoi.UnitTests.DLL" adapterTypeName="Microsoft.VisualStudio.TestTools.TestTypes.Unit.UnitTestAdapter, Microsoft.VisualStudio.QualityTools.Tips.UnitTest.Adapter, Version=10.0.0.0, Culture=neutral, PublicKeyToken=b03f5f7f11d50a3a" className="CodeClub.TowersOfHanoi.UnitTests.GameStateTests, CodeClub.TowersOfHanoi.UnitTests, Version=1.0.0.0, Culture=neutral, PublicKeyToken=null" name="GameState_Equals_ReferenceEquals_Should_Return_True" />
    </UnitTest>
    <UnitTest name="GameState_Equals_When_Towers_Are_Different_Should_Return_False" storage="c:\development\codeclub\codeclub.towersofhanoi\test\codeclub.towersofhanoi.unittests\bin\debug\codeclub.towersofhanoi.unittests.dll" id="b498501d-e9fd-e400-b1c4-7a2a6551c541">
      <Execution id="37f67b58-1d1e-4615-8373-0963794c5af4" />
      <TestMethod codeBase="C:/Development/CodeClub/CodeClub.TowersOfHanoi/test/CodeClub.TowersOfHanoi.UnitTests/bin/Debug/CodeClub.TowersOfHanoi.UnitTests.DLL" adapterTypeName="Microsoft.VisualStudio.TestTools.TestTypes.Unit.UnitTestAdapter, Microsoft.VisualStudio.QualityTools.Tips.UnitTest.Adapter, Version=10.0.0.0, Culture=neutral, PublicKeyToken=b03f5f7f11d50a3a" className="CodeClub.TowersOfHanoi.UnitTests.GameStateTests, CodeClub.TowersOfHanoi.UnitTests, Version=1.0.0.0, Culture=neutral, PublicKeyToken=null" name="GameState_Equals_When_Towers_Are_Different_Should_Return_False" />
    </UnitTest>
    <UnitTest name="Tower_Should_Add_Disks_To_Top_Of_Stack" storage="c:\development\codeclub\codeclub.towersofhanoi\test\codeclub.towersofhanoi.unittests\bin\debug\codeclub.towersofhanoi.unittests.dll" id="964aaf46-13f8-43d6-68ff-753342cdea2e">
      <Execution id="3358dcfe-515b-4910-a8d5-ed750012e5fb" />
      <TestMethod codeBase="C:/Development/CodeClub/CodeClub.TowersOfHanoi/test/CodeClub.TowersOfHanoi.UnitTests/bin/Debug/CodeClub.TowersOfHanoi.UnitTests.DLL" adapterTypeName="Microsoft.VisualStudio.TestTools.TestTypes.Unit.UnitTestAdapter, Microsoft.VisualStudio.QualityTools.Tips.UnitTest.Adapter, Version=10.0.0.0, Culture=neutral, PublicKeyToken=b03f5f7f11d50a3a" className="CodeClub.TowersOfHanoi.UnitTests.TowerTests, CodeClub.TowersOfHanoi.UnitTests, Version=1.0.0.0, Culture=neutral, PublicKeyToken=null" name="Tower_Should_Add_Disks_To_Top_Of_Stack" />
    </UnitTest>
    <UnitTest name="GameState_Equals_When_Towers_Are_The_Same_Should_Return_True" storage="c:\development\codeclub\codeclub.towersofhanoi\test\codeclub.towersofhanoi.unittests\bin\debug\codeclub.towersofhanoi.unittests.dll" id="e7bf1e00-33c5-ae58-d41b-6004e8a3a3e9">
      <Execution id="80ff605c-e7fe-4f87-ab88-afb8d9c7d03e" />
      <TestMethod codeBase="C:/Development/CodeClub/CodeClub.TowersOfHanoi/test/CodeClub.TowersOfHanoi.UnitTests/bin/Debug/CodeClub.TowersOfHanoi.UnitTests.DLL" adapterTypeName="Microsoft.VisualStudio.TestTools.TestTypes.Unit.UnitTestAdapter, Microsoft.VisualStudio.QualityTools.Tips.UnitTest.Adapter, Version=10.0.0.0, Culture=neutral, PublicKeyToken=b03f5f7f11d50a3a" className="CodeClub.TowersOfHanoi.UnitTests.GameStateTests, CodeClub.TowersOfHanoi.UnitTests, Version=1.0.0.0, Culture=neutral, PublicKeyToken=null" name="GameState_Equals_When_Towers_Are_The_Same_Should_Return_True" />
    </UnitTest>
  </TestDefinitions>
  <TestLists>
    <TestList name="Results Not in a List" id="8c84fa94-04c1-424b-9868-57a2d4851a1d" />
    <TestList name="All Loaded Results" id="19431567-8539-422a-85d7-44ee4e166bda" />
  </TestLists>
  <TestEntries>
    <TestEntry testId="22cc0de3-f2bf-972c-b75e-348f26cd5951" executionId="6cc51f08-74f6-4dd7-b4d7-ab1e4145054c" testListId="8c84fa94-04c1-424b-9868-57a2d4851a1d" />
    <TestEntry testId="e7bf1e00-33c5-ae58-d41b-6004e8a3a3e9" executionId="80ff605c-e7fe-4f87-ab88-afb8d9c7d03e" testListId="8c84fa94-04c1-424b-9868-57a2d4851a1d" />
    <TestEntry testId="b498501d-e9fd-e400-b1c4-7a2a6551c541" executionId="37f67b58-1d1e-4615-8373-0963794c5af4" testListId="8c84fa94-04c1-424b-9868-57a2d4851a1d" />
    <TestEntry testId="964aaf46-13f8-43d6-68ff-753342cdea2e" executionId="3358dcfe-515b-4910-a8d5-ed750012e5fb" testListId="8c84fa94-04c1-424b-9868-57a2d4851a1d" />
    <TestEntry testId="3962244e-ea37-85fd-fe31-f8e1b9d1e867" executionId="e0b17c11-aed8-472d-8042-5af10865a363" testListId="8c84fa94-04c1-424b-9868-57a2d4851a1d" />
    <TestEntry testId="20e92529-e083-d65d-65e9-af10407bfc01" executionId="2299371d-adb1-4838-bac1-ab0df55623ef" testListId="8c84fa94-04c1-424b-9868-57a2d4851a1d" />
  </TestEntries>
  <Results>
    <UnitTestResult executionId="6cc51f08-74f6-4dd7-b4d7-ab1e4145054c" testId="22cc0de3-f2bf-972c-b75e-348f26cd5951" testName="GameState_Equals_ReferenceEquals_Should_Return_True" computerName="SULACO" duration="00:00:00.0156036" startTime="2012-08-12T11:03:23.8546893-07:00" endTime="2012-08-12T11:03:24.1277050-07:00" testType="13cdc9d9-ddb5-4fa4-a97d-d965ccfc6d4b" outcome="Passed" testListId="8c84fa94-04c1-424b-9868-57a2d4851a1d" relativeResultsDirectory="6cc51f08-74f6-4dd7-b4d7-ab1e4145054c">
    </UnitTestResult>
    <UnitTestResult executionId="80ff605c-e7fe-4f87-ab88-afb8d9c7d03e" testId="e7bf1e00-33c5-ae58-d41b-6004e8a3a3e9" testName="GameState_Equals_When_Towers_Are_The_Same_Should_Return_True" computerName="SULACO" duration="00:00:00.0275041" startTime="2012-08-12T11:03:24.1317052-07:00" endTime="2012-08-12T11:03:24.1647071-07:00" testType="13cdc9d9-ddb5-4fa4-a97d-d965ccfc6d4b" outcome="Failed" testListId="8c84fa94-04c1-424b-9868-57a2d4851a1d" relativeResultsDirectory="80ff605c-e7fe-4f87-ab88-afb8d9c7d03e">
      <Output>
        <ErrorInfo>
          <Message>Test method CodeClub.TowersOfHanoi.UnitTests.GameStateTests.GameState_Equals_When_Towers_Are_The_Same_Should_Return_True threw exception: 
System.InvalidOperationException: Cannot stack disk 1 on top of a smaller disk 0.</Message>
          <StackTrace>    at CodeClub.TowersOfHanoi.Core.Tower.AddDiskToTop(Int32 diskToAdd) in C:\Development\CodeClub\CodeClub.TowersOfHanoi\src\CodeClub.TowersOfHanoi.Core\Tower.cs:line 50
   at CodeClub.TowersOfHanoi.UnitTests.GameStateTests.GameState_Equals_When_Towers_Are_The_Same_Should_Return_True() in C:\Development\CodeClub\CodeClub.TowersOfHanoi\test\CodeClub.TowersOfHanoi.UnitTests\GameStateTests.cs:line 42
</StackTrace>
        </ErrorInfo>
      </Output>
    </UnitTestResult>
    <UnitTestResult executionId="37f67b58-1d1e-4615-8373-0963794c5af4" testId="b498501d-e9fd-e400-b1c4-7a2a6551c541" testName="GameState_Equals_When_Towers_Are_Different_Should_Return_False" computerName="SULACO" duration="00:00:00.0019499" startTime="2012-08-12T11:03:24.1707074-07:00" endTime="2012-08-12T11:03:24.1787079-07:00" testType="13cdc9d9-ddb5-4fa4-a97d-d965ccfc6d4b" outcome="Failed" testListId="8c84fa94-04c1-424b-9868-57a2d4851a1d" relativeResultsDirectory="37f67b58-1d1e-4615-8373-0963794c5af4">
      <Output>
        <ErrorInfo>
          <Message>Test method CodeClub.TowersOfHanoi.UnitTests.GameStateTests.GameState_Equals_When_Towers_Are_Different_Should_Return_False threw exception: 
System.InvalidOperationException: Cannot stack disk 1 on top of a smaller disk 0.</Message>
          <StackTrace>    at CodeClub.TowersOfHanoi.Core.Tower.AddDiskToTop(Int32 diskToAdd) in C:\Development\CodeClub\CodeClub.TowersOfHanoi\src\CodeClub.TowersOfHanoi.Core\Tower.cs:line 50
   at CodeClub.TowersOfHanoi.UnitTests.GameStateTests.GameState_Equals_When_Towers_Are_Different_Should_Return_False() in C:\Development\CodeClub\CodeClub.TowersOfHanoi\test\CodeClub.TowersOfHanoi.UnitTests\GameStateTests.cs:line 80
</StackTrace>
        </ErrorInfo>
      </Output>
    </UnitTestResult>
    <UnitTestResult executionId="3358dcfe-515b-4910-a8d5-ed750012e5fb" testId="964aaf46-13f8-43d6-68ff-753342cdea2e" testName="Tower_Should_Add_Disks_To_Top_Of_Stack" computerName="SULACO" duration="00:00:00.0014729" startTime="2012-08-12T11:03:24.1877084-07:00" endTime="2012-08-12T11:03:24.1957089-07:00" testType="13cdc9d9-ddb5-4fa4-a97d-d965ccfc6d4b" outcome="Failed" testListId="8c84fa94-04c1-424b-9868-57a2d4851a1d" relativeResultsDirectory="3358dcfe-515b-4910-a8d5-ed750012e5fb">
      <Output>
        <ErrorInfo>
          <Message>Test method CodeClub.TowersOfHanoi.UnitTests.TowerTests.Tower_Should_Add_Disks_To_Top_Of_Stack threw exception: 
System.InvalidOperationException: Cannot stack disk 5 on top of a smaller disk 0.</Message>
          <StackTrace>    at CodeClub.TowersOfHanoi.Core.Tower.AddDiskToTop(Int32 diskToAdd) in C:\Development\CodeClub\CodeClub.TowersOfHanoi\src\CodeClub.TowersOfHanoi.Core\Tower.cs:line 50
   at CodeClub.TowersOfHanoi.UnitTests.TowerTests.Tower_Should_Add_Disks_To_Top_Of_Stack() in C:\Development\CodeClub\CodeClub.TowersOfHanoi\test\CodeClub.TowersOfHanoi.UnitTests\TowerTests.cs:line 25
</StackTrace>
        </ErrorInfo>
      </Output>
    </UnitTestResult>
    <UnitTestResult executionId="e0b17c11-aed8-472d-8042-5af10865a363" testId="3962244e-ea37-85fd-fe31-f8e1b9d1e867" testName="Tower_Get_Top_Disk_On_An_Empty_Stack_Of_Disks_Should_Return_Zero" computerName="SULACO" duration="00:00:00.0009495" startTime="2012-08-12T11:03:24.2007091-07:00" endTime="2012-08-12T11:03:24.2067095-07:00" testType="13cdc9d9-ddb5-4fa4-a97d-d965ccfc6d4b" outcome="Passed" testListId="8c84fa94-04c1-424b-9868-57a2d4851a1d" relativeResultsDirectory="e0b17c11-aed8-472d-8042-5af10865a363">
    </UnitTestResult>
    <UnitTestResult executionId="2299371d-adb1-4838-bac1-ab0df55623ef" testId="20e92529-e083-d65d-65e9-af10407bfc01" testName="Tower_Can_Get_Disk_From_Top_Of_Stack" computerName="SULACO" duration="00:00:00.0013783" startTime="2012-08-12T11:03:24.2107097-07:00" endTime="2012-08-12T11:03:24.2157100-07:00" testType="13cdc9d9-ddb5-4fa4-a97d-d965ccfc6d4b" outcome="Failed" testListId="8c84fa94-04c1-424b-9868-57a2d4851a1d" relativeResultsDirectory="2299371d-adb1-4838-bac1-ab0df55623ef">
      <Output>
        <ErrorInfo>
          <Message>Test method CodeClub.TowersOfHanoi.UnitTests.TowerTests.Tower_Can_Get_Disk_From_Top_Of_Stack threw exception: 
System.InvalidOperationException: Cannot stack disk 5 on top of a smaller disk 0.</Message>
          <StackTrace>    at CodeClub.TowersOfHanoi.Core.Tower.AddDiskToTop(Int32 diskToAdd) in C:\Development\CodeClub\CodeClub.TowersOfHanoi\src\CodeClub.TowersOfHanoi.Core\Tower.cs:line 50
   at CodeClub.TowersOfHanoi.UnitTests.TowerTests.Tower_Can_Get_Disk_From_Top_Of_Stack() in C:\Development\CodeClub\CodeClub.TowersOfHanoi\test\CodeClub.TowersOfHanoi.UnitTests\TowerTests.cs:line 53
</StackTrace>
        </ErrorInfo>
      </Output>
    </UnitTestResult>
  </Results>
</TestRun>