<?xml version="1.0" encoding="UTF-8"?>
<TestRun id="bc327c72-d95f-4c2e-b92e-35438513d861" name="Jeff@SULACO 2012-08-12 11:16:52" runUser="Sulaco\Jeff" xmlns="http://microsoft.com/schemas/VisualStudio/TeamTest/2010">
  <TestSettings name="Local" id="7d94643c-3780-40f8-8c47-ac01c13c0b0c">
    <Description>These are default test settings for a local test run.</Description>
    <Deployment enabled="false" runDeploymentRoot="Jeff_SULACO 2012-08-12 11_16_52">
      <DeploymentItem filename="C:\Development\CodeClub\CodeClub.TowersOfHanoi\src\CodeClub.TowersOfHanoi.Core\bin\Debug\CodeClub.TowersOfHanoi.Core.dll" />
    </Deployment>
    <Execution>
      <TestTypeSpecific />
      <AgentRule name="Execution Agents">
      </AgentRule>
    </Execution>
  </TestSettings>
  <Times creation="2012-08-12T11:16:52.6689509-07:00" queuing="2012-08-12T11:16:54.6170623-07:00" start="2012-08-12T11:16:54.8190739-07:00" finish="2012-08-12T11:17:47.1990698-07:00" />
  <ResultSummary outcome="Error">
    <Counters total="1" executed="1" error="0" failed="0" timeout="0" aborted="1" inconclusive="0" passedButRunAborted="0" notRunnable="0" notExecuted="0" disconnected="0" warning="0" passed="0" completed="0" inProgress="0" pending="0" />
    <RunInfos>
      <RunInfo computerName="SULACO" outcome="Error" timestamp="2012-08-12T11:17:47.1970697-07:00">
        <Text>Test host process exited unexpectedly.</Text>
      </RunInfo>
    </RunInfos>
  </ResultSummary>
  <TestDefinitions>
    <UnitTest name="Tower_Can_Add_Multipe_Disks_On_Top_Of_Each_Other" storage="c:\development\codeclub\codeclub.towersofhanoi\test\codeclub.towersofhanoi.unittests\bin\debug\codeclub.towersofhanoi.unittests.dll" id="a06bbd9f-ae38-eb04-224e-818c9054f890">
      <Execution id="a154ac73-64f2-4a69-bfe5-6d08178d013d" />
      <TestMethod codeBase="C:/Development/CodeClub/CodeClub.TowersOfHanoi/test/CodeClub.TowersOfHanoi.UnitTests/bin/Debug/CodeClub.TowersOfHanoi.UnitTests.DLL" adapterTypeName="Microsoft.VisualStudio.TestTools.TestTypes.Unit.UnitTestAdapter, Microsoft.VisualStudio.QualityTools.Tips.UnitTest.Adapter, Version=10.0.0.0, Culture=neutral, PublicKeyToken=b03f5f7f11d50a3a" className="CodeClub.TowersOfHanoi.UnitTests.TowerTests, CodeClub.TowersOfHanoi.UnitTests, Version=1.0.0.0, Culture=neutral, PublicKeyToken=null" name="Tower_Can_Add_Multipe_Disks_On_Top_Of_Each_Other" />
    </UnitTest>
  </TestDefinitions>
  <TestLists>
    <TestList name="Results Not in a List" id="8c84fa94-04c1-424b-9868-57a2d4851a1d" />
    <TestList name="All Loaded Results" id="19431567-8539-422a-85d7-44ee4e166bda" />
  </TestLists>
  <TestEntries>
    <TestEntry testId="a06bbd9f-ae38-eb04-224e-818c9054f890" executionId="a154ac73-64f2-4a69-bfe5-6d08178d013d" testListId="8c84fa94-04c1-424b-9868-57a2d4851a1d" />
  </TestEntries>
  <Results>
    <UnitTestResult executionId="a154ac73-64f2-4a69-bfe5-6d08178d013d" testId="a06bbd9f-ae38-eb04-224e-818c9054f890" testName="Tower_Can_Add_Multipe_Disks_On_Top_Of_Each_Other" computerName="SULACO" duration="00:00:52.1999856" startTime="2012-08-12T11:16:54.9990842-07:00" endTime="2012-08-12T11:17:47.1990698-07:00" testType="13cdc9d9-ddb5-4fa4-a97d-d965ccfc6d4b" outcome="Aborted" testListId="8c84fa94-04c1-424b-9868-57a2d4851a1d" relativeResultsDirectory="a154ac73-64f2-4a69-bfe5-6d08178d013d">
    </UnitTestResult>
  </Results>
</TestRun>