<?xml version="1.0" encoding="UTF-8"?>
<TestRun id="1845da83-6b70-4214-9013-f8cbe48c639d" name="Jeff@SULACO 2012-08-12 11:08:32" runUser="Sulaco\Jeff" xmlns="http://microsoft.com/schemas/VisualStudio/TeamTest/2010">
  <TestSettings name="Local" id="7d94643c-3780-40f8-8c47-ac01c13c0b0c">
    <Description>These are default test settings for a local test run.</Description>
    <Deployment enabled="false" runDeploymentRoot="Jeff_SULACO 2012-08-12 11_08_32">
      <DeploymentItem filename="C:\Development\CodeClub\CodeClub.TowersOfHanoi\src\CodeClub.TowersOfHanoi.Core\bin\Debug\CodeClub.TowersOfHanoi.Core.dll" />
    </Deployment>
    <Execution>
      <TestTypeSpecific />
      <AgentRule name="Execution Agents">
      </AgentRule>
    </Execution>
  </TestSettings>
  <Times creation="2012-08-12T11:08:32.0533173-07:00" queuing="2012-08-12T11:08:32.0773187-07:00" start="2012-08-12T11:08:32.0843191-07:00" finish="2012-08-12T11:08:32.3663352-07:00" />
  <ResultSummary outcome="Failed">
    <Counters total="6" executed="6" passed="2" error="0" failed="4" timeout="0" aborted="0" inconclusive="0" passedButRunAborted="0" notRunnable="0" notExecuted="0" disconnected="0" warning="0" completed="0" inProgress="0" pending="0" />
  </ResultSummary>
  <TestDefinitions>
    <UnitTest name="Tower_Can_Get_Disk_From_Top_Of_Stack" storage="c:\development\codeclub\codeclub.towersofhanoi\test\codeclub.towersofhanoi.unittests\bin\debug\codeclub.towersofhanoi.unittests.dll" id="20e92529-e083-d65d-65e9-af10407bfc01">
      <Execution id="5924b9da-0dc2-4b46-94dd-246972971e67" />
      <TestMethod codeBase="C:/Development/CodeClub/CodeClub.TowersOfHanoi/test/CodeClub.TowersOfHanoi.UnitTests/bin/Debug/CodeClub.TowersOfHanoi.UnitTests.DLL" adapterTypeName="Microsoft.VisualStudio.TestTools.TestTypes.Unit.UnitTestAdapter, Microsoft.VisualStudio.QualityTools.Tips.UnitTest.Adapter, Version=10.0.0.0, Culture=neutral, PublicKeyToken=b03f5f7f11d50a3a" className="CodeClub.TowersOfHanoi.UnitTests.TowerTests, CodeClub.TowersOfHanoi.UnitTests, Version=1.0.0.0, Culture=neutral, PublicKeyToken=null" name="Tower_Can_Get_Disk_From_Top_Of_Stack" />
    </UnitTest>
    <UnitTest name="Tower_Get_Top_Disk_On_An_Empty_Stack_Of_Disks_Should_Return_Zero" storage="c:\development\codeclub\codeclub.towersofhanoi\test\codeclub.towersofhanoi.unittests\bin\debug\codeclub.towersofhanoi.unittests.dll" id="3962244e-ea37-85fd-fe31-f8e1b9d1e867">
      <Execution id="2d931b80-4146-4317-8eae-0ddf360239a1" />
      <TestMethod codeBase="C:/Development/CodeClub/CodeClub.TowersOfHanoi/test/CodeClub.TowersOfHanoi.UnitTests/bin/Debug/CodeClub.TowersOfHanoi.UnitTests.DLL" adapterTypeName="Microsoft.VisualStudio.TestTools.TestTypes.Unit.UnitTestAdapter, Microsoft.VisualStudio.QualityTools.Tips.UnitTest.Adapter, Version=10.0.0.0, Culture=neutral, PublicKeyToken=b03f5f7f11d50a3a" className="CodeClub.TowersOfHanoi.UnitTests.TowerTests, CodeClub.TowersOfHanoi.UnitTests, Version=1.0.0.0, Culture=neutral, PublicKeyToken=null" name="Tower_Get_Top_Disk_On_An_Empty_Stack_Of_Disks_Should_Return_Zero" />
    </UnitTest>
    <UnitTest name="GameState_Equals_ReferenceEquals_Should_Return_True" storage="c:\development\codeclub\codeclub.towersofhanoi\test\codeclub.towersofhanoi.unittests\bin\debug\codeclub.towersofhanoi.unittests.dll" id="22cc0de3-f2bf-972c-b75e-348f26cd5951">
      <Execution id="1f76940b-5648-4658-b43a-04d37b36731e" />
      <TestMethod codeBase="C:/Development/CodeClub/CodeClub.TowersOfHanoi/test/CodeClub.TowersOfHanoi.UnitTests/bin/Debug/CodeClub.TowersOfHanoi.UnitTests.DLL" adapterTypeName="Microsoft.VisualStudio.TestTools.TestTypes.Unit.UnitTestAdapter, Microsoft.VisualStudio.QualityTools.Tips.UnitTest.Adapter, Version=10.0.0.0, Culture=neutral, PublicKeyToken=b03f5f7f11d50a3a" className="CodeClub.TowersOfHanoi.UnitTests.GameStateTests, CodeClub.TowersOfHanoi.UnitTests, Version=1.0.0.0, Culture=neutral, PublicKeyToken=null" name="GameState_Equals_ReferenceEquals_Should_Return_True" />
    </UnitTest>
    <UnitTest name="GameState_Equals_When_Towers_Are_Different_Should_Return_False" storage="c:\development\codeclub\codeclub.towersofhanoi\test\codeclub.towersofhanoi.unittests\bin\debug\codeclub.towersofhanoi.unittests.dll" id="b498501d-e9fd-e400-b1c4-7a2a6551c541">
      <Execution id="3d892fbc-ea2f-47e7-842b-817ab3f2577e" />
      <TestMethod codeBase="C:/Development/CodeClub/CodeClub.TowersOfHanoi/test/CodeClub.TowersOfHanoi.UnitTests/bin/Debug/CodeClub.TowersOfHanoi.UnitTests.DLL" adapterTypeName="Microsoft.VisualStudio.TestTools.TestTypes.Unit.UnitTestAdapter, Microsoft.VisualStudio.QualityTools.Tips.UnitTest.Adapter, Version=10.0.0.0, Culture=neutral, PublicKeyToken=b03f5f7f11d50a3a" className="CodeClub.TowersOfHanoi.UnitTests.GameStateTests, CodeClub.TowersOfHanoi.UnitTests, Version=1.0.0.0, Culture=neutral, PublicKeyToken=null" name="GameState_Equals_When_Towers_Are_Different_Should_Return_False" />
    </UnitTest>
    <UnitTest name="Tower_Should_Add_Disks_To_Top_Of_Stack" storage="c:\development\codeclub\codeclub.towersofhanoi\test\codeclub.towersofhanoi.unittests\bin\debug\codeclub.towersofhanoi.unittests.dll" id="964aaf46-13f8-43d6-68ff-753342cdea2e">
      <Execution id="e1f659bc-ba75-45f7-ade8-cfa7211b536c" />
      <TestMethod codeBase="C:/Development/CodeClub/CodeClub.TowersOfHanoi/test/CodeClub.TowersOfHanoi.UnitTests/bin/Debug/CodeClub.TowersOfHanoi.UnitTests.DLL" adapterTypeName="Microsoft.VisualStudio.TestTools.TestTypes.Unit.UnitTestAdapter, Microsoft.VisualStudio.QualityTools.Tips.UnitTest.Adapter, Version=10.0.0.0, Culture=neutral, PublicKeyToken=b03f5f7f11d50a3a" className="CodeClub.TowersOfHanoi.UnitTests.TowerTests, CodeClub.TowersOfHanoi.UnitTests, Version=1.0.0.0, Culture=neutral, PublicKeyToken=null" name="Tower_Should_Add_Disks_To_Top_Of_Stack" />
    </UnitTest>
    <UnitTest name="GameState_Equals_When_Towers_Are_The_Same_Should_Return_True" storage="c:\development\codeclub\codeclub.towersofhanoi\test\codeclub.towersofhanoi.unittests\bin\debug\codeclub.towersofhanoi.unittests.dll" id="e7bf1e00-33c5-ae58-d41b-6004e8a3a3e9">
      <Execution id="01702057-dd90-4529-9fc3-10d2c89521ca" />
      <TestMethod codeBase="C:/Development/CodeClub/CodeClub.TowersOfHanoi/test/CodeClub.TowersOfHanoi.UnitTests/bin/Debug/CodeClub.TowersOfHanoi.UnitTests.DLL" adapterTypeName="Microsoft.VisualStudio.TestTools.TestTypes.Unit.UnitTestAdapter, Microsoft.VisualStudio.QualityTools.Tips.UnitTest.Adapter, Version=10.0.0.0, Culture=neutral, PublicKeyToken=b03f5f7f11d50a3a" className="CodeClub.TowersOfHanoi.UnitTests.GameStateTests, CodeClub.TowersOfHanoi.UnitTests, Version=1.0.0.0, Culture=neutral, PublicKeyToken=null" name="GameState_Equals_When_Towers_Are_The_Same_Should_Return_True" />
    </UnitTest>
  </TestDefinitions>
  <TestLists>
    <TestList name="Results Not in a List" id="8c84fa94-04c1-424b-9868-57a2d4851a1d" />
    <TestList name="All Loaded Results" id="19431567-8539-422a-85d7-44ee4e166bda" />
  </TestLists>
  <TestEntries>
    <TestEntry testId="22cc0de3-f2bf-972c-b75e-348f26cd5951" executionId="1f76940b-5648-4658-b43a-04d37b36731e" testListId="8c84fa94-04c1-424b-9868-57a2d4851a1d" />
    <TestEntry testId="e7bf1e00-33c5-ae58-d41b-6004e8a3a3e9" executionId="01702057-dd90-4529-9fc3-10d2c89521ca" testListId="8c84fa94-04c1-424b-9868-57a2d4851a1d" />
    <TestEntry testId="b498501d-e9fd-e400-b1c4-7a2a6551c541" executionId="3d892fbc-ea2f-47e7-842b-817ab3f2577e" testListId="8c84fa94-04c1-424b-9868-57a2d4851a1d" />
    <TestEntry testId="964aaf46-13f8-43d6-68ff-753342cdea2e" executionId="e1f659bc-ba75-45f7-ade8-cfa7211b536c" testListId="8c84fa94-04c1-424b-9868-57a2d4851a1d" />
    <TestEntry testId="3962244e-ea37-85fd-fe31-f8e1b9d1e867" executionId="2d931b80-4146-4317-8eae-0ddf360239a1" testListId="8c84fa94-04c1-424b-9868-57a2d4851a1d" />
    <TestEntry testId="20e92529-e083-d65d-65e9-af10407bfc01" executionId="5924b9da-0dc2-4b46-94dd-246972971e67" testListId="8c84fa94-04c1-424b-9868-57a2d4851a1d" />
  </TestEntries>
  <Results>
    <UnitTestResult executionId="1f76940b-5648-4658-b43a-04d37b36731e" testId="22cc0de3-f2bf-972c-b75e-348f26cd5951" testName="GameState_Equals_ReferenceEquals_Should_Return_True" computerName="SULACO" duration="00:00:00.0174317" startTime="2012-08-12T11:08:32.1023201-07:00" endTime="2012-08-12T11:08:32.2963312-07:00" testType="13cdc9d9-ddb5-4fa4-a97d-d965ccfc6d4b" outcome="Passed" testListId="8c84fa94-04c1-424b-9868-57a2d4851a1d" relativeResultsDirectory="1f76940b-5648-4658-b43a-04d37b36731e">
    </UnitTestResult>
    <UnitTestResult executionId="01702057-dd90-4529-9fc3-10d2c89521ca" testId="e7bf1e00-33c5-ae58-d41b-6004e8a3a3e9" testName="GameState_Equals_When_Towers_Are_The_Same_Should_Return_True" computerName="SULACO" duration="00:00:00.0153791" startTime="2012-08-12T11:08:32.2983313-07:00" endTime="2012-08-12T11:08:32.3173324-07:00" testType="13cdc9d9-ddb5-4fa4-a97d-d965ccfc6d4b" outcome="Failed" testListId="8c84fa94-04c1-424b-9868-57a2d4851a1d" relativeResultsDirectory="01702057-dd90-4529-9fc3-10d2c89521ca">
      <Output>
        <ErrorInfo>
          <Message>Test method CodeClub.TowersOfHanoi.UnitTests.GameStateTests.GameState_Equals_When_Towers_Are_The_Same_Should_Return_True threw exception: 
System.InvalidOperationException: Cannot stack disk 1 on top of a smaller disk 1.</Message>
          <StackTrace>    at CodeClub.TowersOfHanoi.Core.Tower.AddDiskToTop(Int32 diskToAdd) in C:\Development\CodeClub\CodeClub.TowersOfHanoi\src\CodeClub.TowersOfHanoi.Core\Tower.cs:line 59
   at CodeClub.TowersOfHanoi.UnitTests.GameStateTests.GameState_Equals_When_Towers_Are_The_Same_Should_Return_True() in C:\Development\CodeClub\CodeClub.TowersOfHanoi\test\CodeClub.TowersOfHanoi.UnitTests\GameStateTests.cs:line 42
</StackTrace>
        </ErrorInfo>
      </Output>
    </UnitTestResult>
    <UnitTestResult executionId="3d892fbc-ea2f-47e7-842b-817ab3f2577e" testId="b498501d-e9fd-e400-b1c4-7a2a6551c541" testName="GameState_Equals_When_Towers_Are_Different_Should_Return_False" computerName="SULACO" duration="00:00:00.0017009" startTime="2012-08-12T11:08:32.3203326-07:00" endTime="2012-08-12T11:08:32.3273330-07:00" testType="13cdc9d9-ddb5-4fa4-a97d-d965ccfc6d4b" outcome="Failed" testListId="8c84fa94-04c1-424b-9868-57a2d4851a1d" relativeResultsDirectory="3d892fbc-ea2f-47e7-842b-817ab3f2577e">
      <Output>
        <ErrorInfo>
          <Message>Test method CodeClub.TowersOfHanoi.UnitTests.GameStateTests.GameState_Equals_When_Towers_Are_Different_Should_Return_False threw exception: 
System.InvalidOperationException: Cannot stack disk 1 on top of a smaller disk 1.</Message>
          <StackTrace>    at CodeClub.TowersOfHanoi.Core.Tower.AddDiskToTop(Int32 diskToAdd) in C:\Development\CodeClub\CodeClub.TowersOfHanoi\src\CodeClub.TowersOfHanoi.Core\Tower.cs:line 59
   at CodeClub.TowersOfHanoi.UnitTests.GameStateTests.GameState_Equals_When_Towers_Are_Different_Should_Return_False() in C:\Development\CodeClub\CodeClub.TowersOfHanoi\test\CodeClub.TowersOfHanoi.UnitTests\GameStateTests.cs:line 80
</StackTrace>
        </ErrorInfo>
      </Output>
    </UnitTestResult>
    <UnitTestResult executionId="e1f659bc-ba75-45f7-ade8-cfa7211b536c" testId="964aaf46-13f8-43d6-68ff-753342cdea2e" testName="Tower_Should_Add_Disks_To_Top_Of_Stack" computerName="SULACO" duration="00:00:00.0014760" startTime="2012-08-12T11:08:32.3293331-07:00" endTime="2012-08-12T11:08:32.3343334-07:00" testType="13cdc9d9-ddb5-4fa4-a97d-d965ccfc6d4b" outcome="Failed" testListId="8c84fa94-04c1-424b-9868-57a2d4851a1d" relativeResultsDirectory="e1f659bc-ba75-45f7-ade8-cfa7211b536c">
      <Output>
        <ErrorInfo>
          <Message>Test method CodeClub.TowersOfHanoi.UnitTests.TowerTests.Tower_Should_Add_Disks_To_Top_Of_Stack threw exception: 
System.InvalidOperationException: Cannot stack disk 5 on top of a smaller disk 5.</Message>
          <StackTrace>    at CodeClub.TowersOfHanoi.Core.Tower.AddDiskToTop(Int32 diskToAdd) in C:\Development\CodeClub\CodeClub.TowersOfHanoi\src\CodeClub.TowersOfHanoi.Core\Tower.cs:line 59
   at CodeClub.TowersOfHanoi.UnitTests.TowerTests.Tower_Should_Add_Disks_To_Top_Of_Stack() in C:\Development\CodeClub\CodeClub.TowersOfHanoi\test\CodeClub.TowersOfHanoi.UnitTests\TowerTests.cs:line 25
</StackTrace>
        </ErrorInfo>
      </Output>
    </UnitTestResult>
    <UnitTestResult executionId="2d931b80-4146-4317-8eae-0ddf360239a1" testId="3962244e-ea37-85fd-fe31-f8e1b9d1e867" testName="Tower_Get_Top_Disk_On_An_Empty_Stack_Of_Disks_Should_Return_Zero" computerName="SULACO" duration="00:00:00.0002003" startTime="2012-08-12T11:08:32.3353334-07:00" endTime="2012-08-12T11:08:32.3413338-07:00" testType="13cdc9d9-ddb5-4fa4-a97d-d965ccfc6d4b" outcome="Passed" testListId="8c84fa94-04c1-424b-9868-57a2d4851a1d" relativeResultsDirectory="2d931b80-4146-4317-8eae-0ddf360239a1">
    </UnitTestResult>
    <UnitTestResult executionId="5924b9da-0dc2-4b46-94dd-246972971e67" testId="20e92529-e083-d65d-65e9-af10407bfc01" testName="Tower_Can_Get_Disk_From_Top_Of_Stack" computerName="SULACO" duration="00:00:00.0013685" startTime="2012-08-12T11:08:32.3443339-07:00" endTime="2012-08-12T11:08:32.3493342-07:00" testType="13cdc9d9-ddb5-4fa4-a97d-d965ccfc6d4b" outcome="Failed" testListId="8c84fa94-04c1-424b-9868-57a2d4851a1d" relativeResultsDirectory="5924b9da-0dc2-4b46-94dd-246972971e67">
      <Output>
        <ErrorInfo>
          <Message>Test method CodeClub.TowersOfHanoi.UnitTests.TowerTests.Tower_Can_Get_Disk_From_Top_Of_Stack threw exception: 
System.InvalidOperationException: Cannot stack disk 5 on top of a smaller disk 5.</Message>
          <StackTrace>    at CodeClub.TowersOfHanoi.Core.Tower.AddDiskToTop(Int32 diskToAdd) in C:\Development\CodeClub\CodeClub.TowersOfHanoi\src\CodeClub.TowersOfHanoi.Core\Tower.cs:line 59
   at CodeClub.TowersOfHanoi.UnitTests.TowerTests.Tower_Can_Get_Disk_From_Top_Of_Stack() in C:\Development\CodeClub\CodeClub.TowersOfHanoi\test\CodeClub.TowersOfHanoi.UnitTests\TowerTests.cs:line 53
</StackTrace>
        </ErrorInfo>
      </Output>
    </UnitTestResult>
  </Results>
</TestRun>