<?xml version="1.0" encoding="UTF-8"?>
<TestRun id="4b804fcd-eea7-4c82-867d-194768619733" name="Jeff@SULACO 2012-08-12 09:38:19" runUser="Sulaco\Jeff" xmlns="http://microsoft.com/schemas/VisualStudio/TeamTest/2010">
  <TestSettings name="Local" id="7d94643c-3780-40f8-8c47-ac01c13c0b0c">
    <Description>These are default test settings for a local test run.</Description>
    <Deployment enabled="false" runDeploymentRoot="Jeff_SULACO 2012-08-12 09_38_19">
      <DeploymentItem filename="C:\Development\CodeClub\CodeClub.TowersOfHanoi\src\CodeClub.TowersOfHanoi.Core\bin\Debug\CodeClub.TowersOfHanoi.Core.dll" />
    </Deployment>
    <Execution>
      <TestTypeSpecific />
      <AgentRule name="Execution Agents">
      </AgentRule>
    </Execution>
  </TestSettings>
  <Times creation="2012-08-12T09:38:19.4637349-07:00" queuing="2012-08-12T09:38:19.4887363-07:00" start="2012-08-12T09:38:19.5007370-07:00" finish="2012-08-12T09:38:19.7807530-07:00" />
  <ResultSummary outcome="Failed">
    <Counters total="3" executed="3" passed="1" error="0" failed="2" timeout="0" aborted="0" inconclusive="0" passedButRunAborted="0" notRunnable="0" notExecuted="0" disconnected="0" warning="0" completed="0" inProgress="0" pending="0" />
  </ResultSummary>
  <TestDefinitions>
    <UnitTest name="GameState_Equals_ReferenceEquals_Should_Return_True" storage="c:\development\codeclub\codeclub.towersofhanoi\test\codeclub.towersofhanoi.unittests\bin\debug\codeclub.towersofhanoi.unittests.dll" id="22cc0de3-f2bf-972c-b75e-348f26cd5951">
      <Execution id="dca13a0a-e05d-436e-abc3-4272e33f38ef" />
      <TestMethod codeBase="C:/Development/CodeClub/CodeClub.TowersOfHanoi/test/CodeClub.TowersOfHanoi.UnitTests/bin/Debug/CodeClub.TowersOfHanoi.UnitTests.DLL" adapterTypeName="Microsoft.VisualStudio.TestTools.TestTypes.Unit.UnitTestAdapter, Microsoft.VisualStudio.QualityTools.Tips.UnitTest.Adapter, Version=10.0.0.0, Culture=neutral, PublicKeyToken=b03f5f7f11d50a3a" className="CodeClub.TowersOfHanoi.UnitTests.GameStateTests, CodeClub.TowersOfHanoi.UnitTests, Version=1.0.0.0, Culture=neutral, PublicKeyToken=null" name="GameState_Equals_ReferenceEquals_Should_Return_True" />
    </UnitTest>
    <UnitTest name="GameState_Equals_When_Towers_Are_Different_Should_Return_False" storage="c:\development\codeclub\codeclub.towersofhanoi\test\codeclub.towersofhanoi.unittests\bin\debug\codeclub.towersofhanoi.unittests.dll" id="b498501d-e9fd-e400-b1c4-7a2a6551c541">
      <Execution id="27b06335-fb61-4abe-9112-db8ba7b6537b" />
      <TestMethod codeBase="C:/Development/CodeClub/CodeClub.TowersOfHanoi/test/CodeClub.TowersOfHanoi.UnitTests/bin/Debug/CodeClub.TowersOfHanoi.UnitTests.DLL" adapterTypeName="Microsoft.VisualStudio.TestTools.TestTypes.Unit.UnitTestAdapter, Microsoft.VisualStudio.QualityTools.Tips.UnitTest.Adapter, Version=10.0.0.0, Culture=neutral, PublicKeyToken=b03f5f7f11d50a3a" className="CodeClub.TowersOfHanoi.UnitTests.GameStateTests, CodeClub.TowersOfHanoi.UnitTests, Version=1.0.0.0, Culture=neutral, PublicKeyToken=null" name="GameState_Equals_When_Towers_Are_Different_Should_Return_False" />
    </UnitTest>
    <UnitTest name="GameState_Equals_When_Towers_Are_The_Same_Should_Return_True" storage="c:\development\codeclub\codeclub.towersofhanoi\test\codeclub.towersofhanoi.unittests\bin\debug\codeclub.towersofhanoi.unittests.dll" id="e7bf1e00-33c5-ae58-d41b-6004e8a3a3e9">
      <Execution id="f33710c8-4c52-40e4-8d5c-3a18e78af2ea" />
      <TestMethod codeBase="C:/Development/CodeClub/CodeClub.TowersOfHanoi/test/CodeClub.TowersOfHanoi.UnitTests/bin/Debug/CodeClub.TowersOfHanoi.UnitTests.DLL" adapterTypeName="Microsoft.VisualStudio.TestTools.TestTypes.Unit.UnitTestAdapter, Microsoft.VisualStudio.QualityTools.Tips.UnitTest.Adapter, Version=10.0.0.0, Culture=neutral, PublicKeyToken=b03f5f7f11d50a3a" className="CodeClub.TowersOfHanoi.UnitTests.GameStateTests, CodeClub.TowersOfHanoi.UnitTests, Version=1.0.0.0, Culture=neutral, PublicKeyToken=null" name="GameState_Equals_When_Towers_Are_The_Same_Should_Return_True" />
    </UnitTest>
  </TestDefinitions>
  <TestLists>
    <TestList name="Results Not in a List" id="8c84fa94-04c1-424b-9868-57a2d4851a1d" />
    <TestList name="All Loaded Results" id="19431567-8539-422a-85d7-44ee4e166bda" />
  </TestLists>
  <TestEntries>
    <TestEntry testId="22cc0de3-f2bf-972c-b75e-348f26cd5951" executionId="dca13a0a-e05d-436e-abc3-4272e33f38ef" testListId="8c84fa94-04c1-424b-9868-57a2d4851a1d" />
    <TestEntry testId="e7bf1e00-33c5-ae58-d41b-6004e8a3a3e9" executionId="f33710c8-4c52-40e4-8d5c-3a18e78af2ea" testListId="8c84fa94-04c1-424b-9868-57a2d4851a1d" />
    <TestEntry testId="b498501d-e9fd-e400-b1c4-7a2a6551c541" executionId="27b06335-fb61-4abe-9112-db8ba7b6537b" testListId="8c84fa94-04c1-424b-9868-57a2d4851a1d" />
  </TestEntries>
  <Results>
    <UnitTestResult executionId="dca13a0a-e05d-436e-abc3-4272e33f38ef" testId="22cc0de3-f2bf-972c-b75e-348f26cd5951" testName="GameState_Equals_ReferenceEquals_Should_Return_True" computerName="SULACO" duration="00:00:00.0152216" startTime="2012-08-12T09:38:19.5037372-07:00" endTime="2012-08-12T09:38:19.7337503-07:00" testType="13cdc9d9-ddb5-4fa4-a97d-d965ccfc6d4b" outcome="Passed" testListId="8c84fa94-04c1-424b-9868-57a2d4851a1d" relativeResultsDirectory="dca13a0a-e05d-436e-abc3-4272e33f38ef">
    </UnitTestResult>
    <UnitTestResult executionId="f33710c8-4c52-40e4-8d5c-3a18e78af2ea" testId="e7bf1e00-33c5-ae58-d41b-6004e8a3a3e9" testName="GameState_Equals_When_Towers_Are_The_Same_Should_Return_True" computerName="SULACO" duration="00:00:00.0191037" startTime="2012-08-12T09:38:19.7357504-07:00" endTime="2012-08-12T09:38:19.7597518-07:00" testType="13cdc9d9-ddb5-4fa4-a97d-d965ccfc6d4b" outcome="Failed" testListId="8c84fa94-04c1-424b-9868-57a2d4851a1d" relativeResultsDirectory="f33710c8-4c52-40e4-8d5c-3a18e78af2ea">
      <Output>
        <ErrorInfo>
          <Message>Test method CodeClub.TowersOfHanoi.UnitTests.GameStateTests.GameState_Equals_When_Towers_Are_The_Same_Should_Return_True threw exception: 
System.NullReferenceException: Object reference not set to an instance of an object.</Message>
          <StackTrace>    at CodeClub.TowersOfHanoi.UnitTests.GameStateTests.GameState_Equals_When_Towers_Are_The_Same_Should_Return_True() in C:\Development\CodeClub\CodeClub.TowersOfHanoi\test\CodeClub.TowersOfHanoi.UnitTests\GameStateTests.cs:line 42
</StackTrace>
        </ErrorInfo>
      </Output>
    </UnitTestResult>
    <UnitTestResult executionId="27b06335-fb61-4abe-9112-db8ba7b6537b" testId="b498501d-e9fd-e400-b1c4-7a2a6551c541" testName="GameState_Equals_When_Towers_Are_Different_Should_Return_False" computerName="SULACO" duration="00:00:00.0015604" startTime="2012-08-12T09:38:19.7607519-07:00" endTime="2012-08-12T09:38:19.7667522-07:00" testType="13cdc9d9-ddb5-4fa4-a97d-d965ccfc6d4b" outcome="Failed" testListId="8c84fa94-04c1-424b-9868-57a2d4851a1d" relativeResultsDirectory="27b06335-fb61-4abe-9112-db8ba7b6537b">
      <Output>
        <ErrorInfo>
          <Message>Test method CodeClub.TowersOfHanoi.UnitTests.GameStateTests.GameState_Equals_When_Towers_Are_Different_Should_Return_False threw exception: 
System.NullReferenceException: Object reference not set to an instance of an object.</Message>
          <StackTrace>    at CodeClub.TowersOfHanoi.UnitTests.GameStateTests.GameState_Equals_When_Towers_Are_Different_Should_Return_False() in C:\Development\CodeClub\CodeClub.TowersOfHanoi\test\CodeClub.TowersOfHanoi.UnitTests\GameStateTests.cs:line 76
</StackTrace>
        </ErrorInfo>
      </Output>
    </UnitTestResult>
  </Results>
</TestRun>