<?xml version="1.0" encoding="UTF-8"?>
<TestRun id="9bf1f773-64a5-4afa-ba70-c197a37a302f" name="Jeff@SULACO 2012-08-12 11:14:34" runUser="Sulaco\Jeff" xmlns="http://microsoft.com/schemas/VisualStudio/TeamTest/2010">
  <TestSettings name="Local" id="7d94643c-3780-40f8-8c47-ac01c13c0b0c">
    <Description>These are default test settings for a local test run.</Description>
    <Deployment enabled="false" runDeploymentRoot="Jeff_SULACO 2012-08-12 11_14_34">
      <DeploymentItem filename="C:\Development\CodeClub\CodeClub.TowersOfHanoi\src\CodeClub.TowersOfHanoi.Core\bin\Debug\CodeClub.TowersOfHanoi.Core.dll" />
    </Deployment>
    <Execution>
      <TestTypeSpecific />
      <AgentRule name="Execution Agents">
      </AgentRule>
    </Execution>
  </TestSettings>
  <Times creation="2012-08-12T11:14:34.4920476-07:00" queuing="2012-08-12T11:14:34.5130488-07:00" start="2012-08-12T11:14:34.5390503-07:00" finish="2012-08-12T11:14:34.7870645-07:00" />
  <ResultSummary outcome="Failed">
    <Counters total="1" executed="1" error="0" failed="1" timeout="0" aborted="0" inconclusive="0" passedButRunAborted="0" notRunnable="0" notExecuted="0" disconnected="0" warning="0" passed="0" completed="0" inProgress="0" pending="0" />
  </ResultSummary>
  <TestDefinitions>
    <UnitTest name="Tower_Can_Add_Multipe_Disks_On_Top_Of_Each_Other" storage="c:\development\codeclub\codeclub.towersofhanoi\test\codeclub.towersofhanoi.unittests\bin\debug\codeclub.towersofhanoi.unittests.dll" id="a06bbd9f-ae38-eb04-224e-818c9054f890">
      <Execution id="9a2b47c2-60e1-43f7-8505-38e588b9804f" />
      <TestMethod codeBase="C:/Development/CodeClub/CodeClub.TowersOfHanoi/test/CodeClub.TowersOfHanoi.UnitTests/bin/Debug/CodeClub.TowersOfHanoi.UnitTests.DLL" adapterTypeName="Microsoft.VisualStudio.TestTools.TestTypes.Unit.UnitTestAdapter, Microsoft.VisualStudio.QualityTools.Tips.UnitTest.Adapter, Version=10.0.0.0, Culture=neutral, PublicKeyToken=b03f5f7f11d50a3a" className="CodeClub.TowersOfHanoi.UnitTests.TowerTests, CodeClub.TowersOfHanoi.UnitTests, Version=1.0.0.0, Culture=neutral, PublicKeyToken=null" name="Tower_Can_Add_Multipe_Disks_On_Top_Of_Each_Other" />
    </UnitTest>
  </TestDefinitions>
  <TestLists>
    <TestList name="Results Not in a List" id="8c84fa94-04c1-424b-9868-57a2d4851a1d" />
    <TestList name="All Loaded Results" id="19431567-8539-422a-85d7-44ee4e166bda" />
  </TestLists>
  <TestEntries>
    <TestEntry testId="a06bbd9f-ae38-eb04-224e-818c9054f890" executionId="9a2b47c2-60e1-43f7-8505-38e588b9804f" testListId="8c84fa94-04c1-424b-9868-57a2d4851a1d" />
  </TestEntries>
  <Results>
    <UnitTestResult executionId="9a2b47c2-60e1-43f7-8505-38e588b9804f" testId="a06bbd9f-ae38-eb04-224e-818c9054f890" testName="Tower_Can_Add_Multipe_Disks_On_Top_Of_Each_Other" computerName="SULACO" duration="00:00:00.0334592" startTime="2012-08-12T11:14:34.5420505-07:00" endTime="2012-08-12T11:14:34.7720636-07:00" testType="13cdc9d9-ddb5-4fa4-a97d-d965ccfc6d4b" outcome="Failed" testListId="8c84fa94-04c1-424b-9868-57a2d4851a1d" relativeResultsDirectory="9a2b47c2-60e1-43f7-8505-38e588b9804f">
      <Output>
        <ErrorInfo>
          <Message>Test method CodeClub.TowersOfHanoi.UnitTests.TowerTests.Tower_Can_Add_Multipe_Disks_On_Top_Of_Each_Other threw exception: 
System.InvalidOperationException: Cannot stack disk 5 on top of a smaller disk 5.</Message>
          <StackTrace>    at CodeClub.TowersOfHanoi.Core.Tower.AddDiskToTop(Int32 diskToAdd) in C:\Development\CodeClub\CodeClub.TowersOfHanoi\src\CodeClub.TowersOfHanoi.Core\Tower.cs:line 59
   at CodeClub.TowersOfHanoi.UnitTests.TowerTests.Tower_Can_Add_Multipe_Disks_On_Top_Of_Each_Other() in C:\Development\CodeClub\CodeClub.TowersOfHanoi\test\CodeClub.TowersOfHanoi.UnitTests\TowerTests.cs:line 47
</StackTrace>
        </ErrorInfo>
      </Output>
    </UnitTestResult>
  </Results>
</TestRun>