<?xml version="1.0" encoding="UTF-8"?>
<TestRun id="4b4ddba6-fa58-4384-b2be-9eb7313fcdde" name="Jeff@NOSTROMO 2012-08-30 20:48:45" runUser="Nostromo\Jeff" xmlns="http://microsoft.com/schemas/VisualStudio/TeamTest/2010">
  <TestSettings name="Local" id="a1dbf31c-c850-4916-af09-2a6406358f65">
    <Description>These are default test settings for a local test run.</Description>
    <Deployment enabled="false" runDeploymentRoot="Jeff_NOSTROMO 2012-08-30 20_48_45" />
    <Execution>
      <TestTypeSpecific />
      <AgentRule name="Execution Agents">
      </AgentRule>
    </Execution>
  </TestSettings>
  <Times creation="2012-08-30T20:48:45.4697953-07:00" queuing="2012-08-30T20:48:46.6438624-07:00" start="2012-08-30T20:48:46.8248728-07:00" finish="2012-08-30T20:49:01.1596927-07:00" />
  <ResultSummary outcome="Error">
    <Counters total="1" executed="1" error="0" failed="0" timeout="0" aborted="1" inconclusive="0" passedButRunAborted="0" notRunnable="0" notExecuted="0" disconnected="0" warning="0" passed="0" completed="0" inProgress="0" pending="0" />
    <RunInfos>
      <RunInfo computerName="NOSTROMO" outcome="Error" timestamp="2012-08-30T20:49:01.1586926-07:00">
        <Text>Test host process exited unexpectedly.</Text>
      </RunInfo>
    </RunInfos>
  </ResultSummary>
  <TestDefinitions>
    <UnitTest name="MakeChange_For_A_Dollar" storage="c:\development\git repositories\codeclub\codeclub.changeforadollar\codeclub.changeforadollar\bin\debug\codeclub.changeforadollar.dll" id="6fb8c479-7c04-2a01-e79d-aae2a8f215c6">
      <Execution id="9f15c4ae-9805-43ec-b469-97058a9ce74f" />
      <TestMethod codeBase="C:/Development/Git Repositories/CodeClub/CodeClub.ChangeForADollar/CodeClub.ChangeForADollar/bin/Debug/CodeClub.ChangeForADollar.DLL" adapterTypeName="Microsoft.VisualStudio.TestTools.TestTypes.Unit.UnitTestAdapter, Microsoft.VisualStudio.QualityTools.Tips.UnitTest.Adapter, Version=10.0.0.0, Culture=neutral, PublicKeyToken=b03f5f7f11d50a3a" className="CodeClub.ChangeForADollar.UnitTest1, CodeClub.ChangeForADollar, Version=1.0.0.0, Culture=neutral, PublicKeyToken=null" name="MakeChange_For_A_Dollar" />
    </UnitTest>
  </TestDefinitions>
  <TestLists>
    <TestList name="Results Not in a List" id="8c84fa94-04c1-424b-9868-57a2d4851a1d" />
    <TestList name="All Loaded Results" id="19431567-8539-422a-85d7-44ee4e166bda" />
  </TestLists>
  <TestEntries>
    <TestEntry testId="6fb8c479-7c04-2a01-e79d-aae2a8f215c6" executionId="9f15c4ae-9805-43ec-b469-97058a9ce74f" testListId="8c84fa94-04c1-424b-9868-57a2d4851a1d" />
  </TestEntries>
  <Results>
    <UnitTestResult executionId="9f15c4ae-9805-43ec-b469-97058a9ce74f" testId="6fb8c479-7c04-2a01-e79d-aae2a8f215c6" testName="MakeChange_For_A_Dollar" computerName="NOSTROMO" duration="00:00:14.1708106" startTime="2012-08-30T20:48:46.9888821-07:00" endTime="2012-08-30T20:49:01.1596927-07:00" testType="13cdc9d9-ddb5-4fa4-a97d-d965ccfc6d4b" outcome="Aborted" testListId="8c84fa94-04c1-424b-9868-57a2d4851a1d" relativeResultsDirectory="9f15c4ae-9805-43ec-b469-97058a9ce74f">
    </UnitTestResult>
  </Results>
</TestRun>